// Jest Snapshot v1, https://goo.gl/fbAQLP

exports[`renders correctly 1`] = `
<View
  style={
    Object {
      "alignItems": "center",
      "backgroundColor": "#fff",
      "flexDirection": "row",
      "paddingHorizontal": 15,
      "paddingVertical": 20,
    }
  }
>
  <View
    style={
      Object {
        "flex": 1,
      }
    }
  >
    <Text
      accessible={true}
      allowFontScaling={true}
      disabled={false}
      ellipsizeMode="tail"
      style={
        Object {
          "fontSize": 30,
          "fontWeight": "bold",
          "marginBottom": 10,
        }
      }
    >
      Anna
    </Text>
    <Text
      accessible={true}
      allowFontScaling={true}
      disabled={false}
      ellipsizeMode="tail"
      style={Object {}}
    >
      View and edit profile
    </Text>
  </View>
  <Image
    source={
      Object {
        "uri": "https://facebook.github.io/react/img/logo_og.png",
      }
    }
    style={
      Object {
        "borderRadius": 35,
        "height": 70,
        "width": 70,
      }
    }
  />
</View>
`;
